[misteracademia.renderforestsites.com/index.html]
[backblue.gif]
[fade.gif]
[index.html]
[misteracademia.renderforestsites.com/main-l6dnb5ms.css]
[hosting.renderforestsites.com/5699226/470297/media/728c8a0234c0e7de6cc1b640ce353d0a.jpg]
[hosting.renderforestsites.com/5699226/470297/media/03a173d56abc05e724fe89ae180fe3a9.jpg]
[hosting.renderforestsites.com/5699226/470297/media/97e49cd550897be2cc9096660947acba.jpg]
[hosting.renderforestsites.com/5699226/470297/media/411fbcf52a4f752441e1cb2d64e1b4e4.jpg]
[misteracademia.renderforestsites.com/builtIcons-l6dnb5ms.js]
[hosting.renderforestsites.com/5699226/470297/media/155d7d56e7306b030da9cd6e5bc0e3a0.png]
[misteracademia.renderforestsites.com/index.html]
[misteracademia.renderforestsites.com/main-l6dnb5ms.css]
[misteracademia.renderforestsites.com/pricing/index.html]
[hosting.renderforestsites.com/5699226/470297/media/87bc238c6aaf6da7013f0478cf6f18a1.jpg]
[misteracademia.renderforestsites.com/pricing/index.html]
[misteracademia.renderforestsites.com/register/index.html]
[misteracademia.renderforestsites.com/register/index.html]
[misteracademia.renderforestsites.com/bundle-l6dnb5ms.js]
